rubygems.org yank-semantics experiment — manual resume after interrupted scripted run
gem: omars-test-gem   account: omarqureshi (id 57418)

#### PHASE 1: reserve — completed by the scripted run at 2026-07-23T15:00:04Z
evidence captured 2026-07-23T15:0x (post-push):

GET https://rubygems.org/api/v1/gems/omars-test-gem.json
{"name":"omars-test-gem","downloads":0,"version":"0.0.0.pre.reserved.1","version_created_at":"2026-07-23T15:00:04.631Z","version_downloads":0,"platform":"ruby","authors":"Omar Qureshi","info":"Throwaway gem measuring rubygems.org yank behaviour (ownership retention, version burning) to inform the AWS CDK Ruby bindings name-governance discussion (https://github.com/aws/aws-cdk-rfcs/pull/939). Will be yanked.","licenses":["Apache-2.0"],"metadata":{"homepage_uri":"https://github.com/aws/aws-cdk-rfcs/pull/939","rubygems_mfa_required":"true"},"yanked":false,"sha":"3cc9cdae882f72f54e9fd933bbb78038cf9ea7242f0f25840431d88ae374bf03","spec_sha":"97927c3941a2df180f500c296d0adc0eb017045ff149b31b32491f7ba8a24a2c","project_uri":"https://rubygems.org/gems/omars-test-gem","gem_uri":"https://rubygems.org/gems/omars-test-gem-0.0.0.pre.reserved.1.gem","homepage_uri":"https://github.com/aws/aws-cdk-rfcs/pull/939","wiki_uri":null,"documentation_uri":null,"mailing_list_uri":null,"source_code_uri":null,"bug_tracker_uri":null,"changelog_uri":null,"funding_uri":null,"dependencies":{"development":[],"runtime":[]}}
HTTP 200

GET https://rubygems.org/api/v1/versions/omars-test-gem.json
[{"authors":"Omar Qureshi","built_at":"1980-01-02T00:00:00.000Z","created_at":"2026-07-23T15:00:04.631Z","description":"Throwaway gem measuring rubygems.org yank behaviour (ownership retention, version burning) to inform the AWS CDK Ruby bindings name-governance discussion (https://github.com/aws/aws-cdk-rfcs/pull/939). Will be yanked.","downloads_count":0,"metadata":{"homepage_uri":"https://github.com/aws/aws-cdk-rfcs/pull/939","rubygems_mfa_required":"true"},"number":"0.0.0.pre.reserved.1","summary":"Temporary yank-semantics experiment (aws/aws-cdk-rfcs#939)","platform":"ruby","rubygems_version":">= 0","ruby_version":">= 0","prerelease":true,"licenses":["Apache-2.0"],"requirements":[],"sha":"3cc9cdae882f72f54e9fd933bbb78038cf9ea7242f0f25840431d88ae374bf03","spec_sha":"97927c3941a2df180f500c296d0adc0eb017045ff149b31b32491f7ba8a24a2c"}]
HTTP 200

GET https://rubygems.org/api/v1/gems/omars-test-gem/owners.json
[{"id":57418,"handle":"omarqureshi","role":"owner"}]
HTTP 200


#### PHASE 2: yank 0.0.0.pre.reserved.1 — executed 2026-07-23T15:08:45Z
CLI output: 'Successfully deleted gem: omars-test-gem (0.0.0.pre.reserved.1)'

GET https://rubygems.org/api/v1/gems/omars-test-gem.json
This rubygem could not be found.
HTTP 404

GET https://rubygems.org/api/v1/versions/omars-test-gem.json
This rubygem could not be found.
HTTP 404

GET https://rubygems.org/api/v1/gems/omars-test-gem/owners.json
[{"id":57418,"handle":"omarqureshi","role":"owner"}]
HTTP 200

#### PHASE 3 (revised): can someone else claim the name?
Initial interpretation ("ownership persists => name locked") was WRONG.
Authoritative rule from rubygems.org source (app/models/rubygem.rb, master):

  def pushable?
    new_record? || (versions.indexed.none? && not_protected? && !reserved_name?)
  end
  # a gem namespace is not protected if it is
  # updated(yanked) in more than 100 days or it is created in last 30 days
  def not_protected?
    updated_at < 100.days.ago || created_at > 30.days.ago
  end

=> omars-test-gem: created 2026-07-23, fully yanked => claimable by ANYONE now
   (young-gem fast path). Page shows no reservation countdown, consistent.
=> aws-* placeholders: created 2026-07-22. Yanking all versions before
   ~2026-08-21 releases the names IMMEDIATELY. After 30 days of record age,
   a yank locks the name for 100 days (support can release early).
=> Yanked version numbers remain burned forever (immutable), regardless.

Experiment intentionally stopped here: re-pushing .reserved.2 would close the
open state. Definitive third-party receipt would require a push from a second
account; not performed.

#### PHASE 3 (definitive receipt): claimed from a DIFFERENT account — 2026-07-23T15:23:27Z

GET https://rubygems.org/api/v1/gems/omars-test-gem.json
{"name":"omars-test-gem","downloads":1,"version":"0.0.0.pre.reserved.2","version_created_at":"2026-07-23T15:22:45.498Z","version_downloads":0,"platform":"ruby","authors":"Omar Qureshi","info":"Throwaway gem measuring rubygems.org yank behaviour (ownership retention, version burning) to inform the AWS CDK Ruby bindings name-governance discussion (https://github.com/aws/aws-cdk-rfcs/pull/939). Will be yanked.","licenses":["Apache-2.0"],"metadata":{"homepage_uri":"https://github.com/aws/aws-cdk-rfcs/pull/939","rubygems_mfa_required":"true"},"yanked":false,"sha":"77acd6ea13992a59c3857ff0d97b5f228ccd29593431dfc35d5a46ae993be6ff","spec_sha":"3bee2c8591b49852557323810cb8d53ae5fc8cecd2bee50d6b3377441e9de47f","project_uri":"https://rubygems.org/gems/omars-test-gem","gem_uri":"https://rubygems.org/gems/omars-test-gem-0.0.0.pre.reserved.2.gem","homepage_uri":"https://github.com/aws/aws-cdk-rfcs/pull/939","wiki_uri":null,"documentation_uri":null,"mailing_list_uri":null,"source_code_uri":null,"bug_tracker_uri":null,"changelog_uri":null,"funding_uri":null,"dependencies":{"development":[],"runtime":[]}}
HTTP 200

GET https://rubygems.org/api/v1/versions/omars-test-gem.json
[{"authors":"Omar Qureshi","built_at":"1980-01-02T00:00:00.000Z","created_at":"2026-07-23T15:22:45.498Z","description":"Throwaway gem measuring rubygems.org yank behaviour (ownership retention, version burning) to inform the AWS CDK Ruby bindings name-governance discussion (https://github.com/aws/aws-cdk-rfcs/pull/939). Will be yanked.","downloads_count":0,"metadata":{"homepage_uri":"https://github.com/aws/aws-cdk-rfcs/pull/939","rubygems_mfa_required":"true"},"number":"0.0.0.pre.reserved.2","summary":"Temporary yank-semantics experiment (aws/aws-cdk-rfcs#939)","platform":"ruby","rubygems_version":">= 0","ruby_version":">= 0","prerelease":true,"licenses":["Apache-2.0"],"requirements":[],"sha":"77acd6ea13992a59c3857ff0d97b5f228ccd29593431dfc35d5a46ae993be6ff","spec_sha":"3bee2c8591b49852557323810cb8d53ae5fc8cecd2bee50d6b3377441e9de47f"}]
HTTP 200

GET https://rubygems.org/api/v1/gems/omars-test-gem/owners.json
[{"id":248742,"handle":"omarqureshitest","role":"owner"}]
HTTP 200

#### CONCLUSION
1. Yanking every version of a gem whose record is <30 days old releases the
   name IMMEDIATELY (verified: claim succeeded ~14 min after the yank).
2. The claim REPLACES ownership: the original owner (omarqureshi, id 57418)
   vanished from owners.json; the claiming account (omarqureshitest, id 248742)
   is sole owner. No trace of the prior registration remains in the public API.
3. Yanked version numbers stay burned (0.0.0.pre.reserved.1 was not reusable).
4. Implication for the aws-* placeholders (created 2026-07-22): yanking all 8
   before ~2026-08-21 fully undoes the reservation. RISK: between yank and
   AWS's claim the names are open to anyone — execute as a coordinated
   handoff (AWS claims within minutes of the yank).
